----------------------------------------------------------------------------------------------------------------------------------------------------------------------------------------------------------------
	UC1-Ability to create Address Book Service
----------------------------------------------------------------------------------------------------------------------------------------------------------------------------------------------------------------

mysql> create Database AddressBook_Service;
Query OK, 1 row affected (0.13 sec)

mysql> show databases;
+---------------------+
| Database            |
+---------------------+
| addressbook_service |
| information_schema  |
| mysql               |
| payroll_service     |
| performance_schema  |
| sys                 |
+---------------------+
6 rows in set (0.04 sec)

--------------------------------------------------------------------------------------------------------------------------------------------------------------------------------------------------------------
  UC2 - Ability to create a AddressBook Table with first and last names, address, city,state, zip, phone number and email as its attributes
--------------------------------------------------------------------------------------------------------------------------------------------------------------------------------------------------------------

mysql> select*from address_book;
Empty set (0.01 sec)

mysql> DESC address_book;
+-------------+--------------+------+-----+---------+----------------+
| Field       | Type         | Null | Key | Default | Extra          |
+-------------+--------------+------+-----+---------+----------------+
| id          | int          | NO   | PRI | NULL    | auto_increment |
| firstname   | varchar(255) | NO   |     | NULL    |                |
| lastname    | varchar(255) | NO   |     | NULL    |                |
| Address     | varchar(255) | YES  |     | NULL    |                |
| City        | varchar(255) | YES  |     | NULL    |                |
| state       | varchar(255) | YES  |     | NULL    |                |
| zip         | varchar(255) | YES  |     | NULL    |                |
| phonenumber | varchar(255) | YES  |     | NULL    |                |
| email       | varchar(255) | YES  |     | NULL    |                |
+-------------+--------------+------+-----+---------+----------------+
9 rows in set (0.09 sec)

---------------------------------------------------------------------------------------------------------------------------------------------------------------------------------------------------------------
	UC3-Ability to insert new Contacts to Address Book
----------------------------------------------------------------------------------------------------------------------------------------------------------------------------------------------------------------


mysql> INSERT INTO address_book(firstname,lastname,Address,City,state,zip,phonenumber,email)VALUES
    -> ('Anwar','Shaikh','Airoli','NaviMumbai','Maharashtra','4000708','2765325278','Anwar@gmail.com'),
    -> ('Saif','Sharma','Vashi','NaviMumbai','Maharashtra','4000703','2765321371','saif@gmail.com'),
    -> ('Sachin','Rawat','Panvel','NaviMumbai','Maharashtra','410106','2765321206','Sachin@gmail.com'),
    -> ('Priya','Singh','Ghansoli','NaviMumbai','Maharashtra','400706','2514389612','priya@gmail.com'),
    -> ('Rhea','Kapoor','Nerul','NaviMumbai','Maharashtra','400709','2514389231','rhea@gmail.com');
Query OK, 5 rows affected (0.26 sec)
Records: 5  Duplicates: 0  Warnings: 0

mysql> select*from address_book;
+----+-----------+----------+----------+------------+-------------+---------+-------------+------------------+
| id | firstname | lastname | Address  | City       | state       | zip     | phonenumber | email            |
+----+-----------+----------+----------+------------+-------------+---------+-------------+------------------+
|  1 | Anwar     | Shaikh   | Airoli   | NaviMumbai | Maharashtra | 4000708 | 2765325278  | Anwar@gmail.com  |
|  2 | Saif      | Sharma   | Vashi    | NaviMumbai | Maharashtra | 4000703 | 2765321371  | saif@gmail.com   |
|  3 | Sachin    | Rawat    | Panvel   | NaviMumbai | Maharashtra | 410106  | 2765321206  | Sachin@gmail.com |
|  4 | Priya     | Singh    | Ghansoli | NaviMumbai | Maharashtra | 400706  | 2514389612  | priya@gmail.com  |
|  5 | Rhea      | Kapoor   | Nerul    | NaviMumbai | Maharashtra | 400709  | 2514389231  | rhea@gmail.com   |
+----+-----------+----------+----------+------------+-------------+---------+-------------+------------------+
5 rows in set (0.00 sec)

---------------------------------------------------------------------------------------------------------------------------------------------------------------------------------------------------------------
	UC4-Ability to edit existing contact person using their name
----------------------------------------------------------------------------------------------------------------------------------------------------------------------------------------------------------------

mysql> UPDATE address_book SET address = "Thane" WHERE first_name = "Saif";
ERROR 1054 (42S22): Unknown column 'first_name' in 'where clause'
mysql> UPDATE address_book SET address = "Thane" WHERE firstname = "Saif";
Query OK, 1 row affected (0.17 sec)
Rows matched: 1  Changed: 1  Warnings: 0

mysql> UPDATE address_book SET Address = "Kalwa" WHERE firstname = "Sachin";
Query OK, 1 row affected (0.08 sec)
Rows matched: 1  Changed: 1  Warnings: 0

mysql> UPDATE address_book SET phonenumber= '2081399882' WHERE firstname = "Anwar";
Query OK, 1 row affected (0.13 sec)
Rows matched: 1  Changed: 1  Warnings: 0

mysql> select*from address_book;
+----+-----------+----------+----------+------------+-------------+---------+-------------+------------------+
| id | firstname | lastname | Address  | City       | state       | zip     | phonenumber | email            |
+----+-----------+----------+----------+------------+-------------+---------+-------------+------------------+
|  1 | Anwar     | Shaikh   | Airoli   | NaviMumbai | Maharashtra | 4000708 | 2081399882  | Anwar@gmail.com  |
|  2 | Saif      | Sharma   | Thane    | NaviMumbai | Maharashtra | 4000703 | 2765321371  | saif@gmail.com   |
|  3 | Sachin    | Rawat    | Kalwa    | NaviMumbai | Maharashtra | 410106  | 2765321206  | Sachin@gmail.com |
|  4 | Priya     | Singh    | Ghansoli | NaviMumbai | Maharashtra | 400706  | 2514389612  | priya@gmail.com  |
|  5 | Rhea      | Kapoor   | Nerul    | NaviMumbai | Maharashtra | 400709  | 2514389231  | rhea@gmail.com   |
+----+-----------+----------+----------+------------+-------------+---------+-------------+------------------+
5 rows in set (0.00 sec)

----------------------------------------------------------------------------------------------------------------------------------------------------------------------------------------------------------------
	UC5-Ability to delete a person using person's name
----------------------------------------------------------------------------------------------------------------------------------------------------------------------------------------------------------------

mysql> select*from address_book;
+----+-----------+----------+----------+------------+-------------+---------+-------------+------------------+
| id | firstname | lastname | Address  | City       | state       | zip     | phonenumber | email            |
+----+-----------+----------+----------+------------+-------------+---------+-------------+------------------+
|  1 | Anwar     | Shaikh   | Airoli   | NaviMumbai | Maharashtra | 4000708 | 2081399882  | Anwar@gmail.com  |
|  2 | Saif      | Sharma   | Thane    | NaviMumbai | Maharashtra | 4000703 | 2765321371  | saif@gmail.com   |
|  3 | Sachin    | Rawat    | Kalwa    | NaviMumbai | Maharashtra | 410106  | 2765321206  | Sachin@gmail.com |
|  4 | Priya     | Singh    | Ghansoli | NaviMumbai | Maharashtra | 400706  | 2514389612  | priya@gmail.com  |
|  5 | Rhea      | Kapoor   | Nerul    | NaviMumbai | Maharashtra | 400709  | 2514389231  | rhea@gmail.com   |
+----+-----------+----------+----------+------------+-------------+---------+-------------+------------------+
5 rows in set (0.00 sec)

mysql> Delete from address_book where  firstname='Sachin';
Query OK, 1 row affected (0.10 sec)

mysql> select*from address_book;
+----+-----------+----------+----------+------------+-------------+---------+-------------+-----------------+
| id | firstname | lastname | Address  | City       | state       | zip     | phonenumber | email           |
+----+-----------+----------+----------+------------+-------------+---------+-------------+-----------------+
|  1 | Anwar     | Shaikh   | Airoli   | NaviMumbai | Maharashtra | 4000708 | 2081399882  | Anwar@gmail.com |
|  2 | Saif      | Sharma   | Thane    | NaviMumbai | Maharashtra | 4000703 | 2765321371  | saif@gmail.com  |
|  4 | Priya     | Singh    | Ghansoli | NaviMumbai | Maharashtra | 400706  | 2514389612  | priya@gmail.com |
|  5 | Rhea      | Kapoor   | Nerul    | NaviMumbai | Maharashtra | 400709  | 2514389231  | rhea@gmail.com  |
+----+-----------+----------+----------+------------+-------------+---------+-------------+-----------------+
4 rows in set (0.00 sec)

-----------------------------------------------------------------------------------------------------------------------------------------------------------------------------------------------------------------
	UC6-Ability to Retrieve Person belonging to a City or State from the Address Book
-----------------------------------------------------------------------------------------------------------------------------------------------------------------------------------------------------------------

mysql>  SELECT*FROM address_book WHERE City = "NaviMumbai";
+----+-----------+----------+----------+------------+-------------+---------+-------------+-----------------+
| id | firstname | lastname | Address  | City       | state       | zip     | phonenumber | email           |
+----+-----------+----------+----------+------------+-------------+---------+-------------+-----------------+
|  1 | Anwar     | Shaikh   | Airoli   | NaviMumbai | Maharashtra | 4000708 | 2081399882  | Anwar@gmail.com |
|  2 | Saif      | Sharma   | Thane    | NaviMumbai | Maharashtra | 4000703 | 2765321371  | saif@gmail.com  |
|  4 | Priya     | Singh    | Ghansoli | NaviMumbai | Maharashtra | 400706  | 2514389612  | priya@gmail.com |
|  5 | Rhea      | Kapoor   | Nerul    | NaviMumbai | Maharashtra | 400709  | 2514389231  | rhea@gmail.com  |
+----+-----------+----------+----------+------------+-------------+---------+-------------+-----------------+
4 rows in set (0.00 sec)

mysql>  SELECT*FROM address_book WHERE state= "Maharashtra";
+----+-----------+----------+----------+------------+-------------+---------+-------------+-----------------+
| id | firstname | lastname | Address  | City       | state       | zip     | phonenumber | email           |
+----+-----------+----------+----------+------------+-------------+---------+-------------+-----------------+
|  1 | Anwar     | Shaikh   | Airoli   | NaviMumbai | Maharashtra | 4000708 | 2081399882  | Anwar@gmail.com |
|  2 | Saif      | Sharma   | Thane    | NaviMumbai | Maharashtra | 4000703 | 2765321371  | saif@gmail.com  |
|  4 | Priya     | Singh    | Ghansoli | NaviMumbai | Maharashtra | 400706  | 2514389612  | priya@gmail.com |
|  5 | Rhea      | Kapoor   | Nerul    | NaviMumbai | Maharashtra | 400709  | 2514389231  | rhea@gmail.com  |
+----+-----------+----------+----------+------------+-------------+---------+-------------+-----------------+
4 rows in set (0.00 sec)

-----------------------------------------------------------------------------------------------------------------------------------------------------------------------------------------------------------------
	UC7-Ability to understand the size of address book by City and State
------------------------------------------------------------------------------------------------------------------------------------------------------------------------------------------------------------------
mysql> SELECT city,state, COUNT(*) AS Address_Count FROM address_book GROUP BY city,state;
+------------+-------------+---------------+
| city       | state       | Address_Count |
+------------+-------------+---------------+
| NaviMumbai | Maharashtra |             4 |
+------------+-------------+---------------+
1 row in set (0.05 sec)

---------------------------------------------------------------------------------------------------------------------------------------------------------------------------------------------------------------
UC8-Ability to retrieve entries sorted alphabetically by Person’s name for a given city given city
-----------------------------------------------------------------------------------------------------------------------------------------------------------------------------------------------------------------

mysql> SELECT * FROM address_book WHERE city = "NaviMumbai" ORDER BY firstname;
+----+-----------+----------+----------+------------+-------------+---------+-------------+-----------------+
| id | firstname | lastname | Address  | City       | state       | zip     | phonenumber | email           |
+----+-----------+----------+----------+------------+-------------+---------+-------------+-----------------+
|  1 | Anwar     | Shaikh   | Airoli   | NaviMumbai | Maharashtra | 4000708 | 2081399882  | Anwar@gmail.com |
|  4 | Priya     | Singh    | Ghansoli | NaviMumbai | Maharashtra | 400706  | 2514389612  | priya@gmail.com |
|  5 | Rhea      | Kapoor   | Nerul    | NaviMumbai | Maharashtra | 400709  | 2514389231  | rhea@gmail.com  |
|  2 | Saif      | Sharma   | Thane    | NaviMumbai | Maharashtra | 4000703 | 2765321371  | saif@gmail.com  |
+----+-----------+----------+----------+------------+-------------+---------+-------------+-----------------+
4 rows in set (0.00 sec)

----------------------------------------------------------------------------------------------------------------------------------------------------------------------------------------------------------------
                           UC9 - Ability to identify each Address Book with name and Type
-----------------------------------------------------------------------------------------------------------------------------------------------------------------------------------------------------------------

mysql> CREATE TABLE addressbook_type
    -> (type_id VARCHAR(255) PRIMARY KEY,
    -> type_name VARCHAR(255) NOT NULL);
Query OK, 0 rows affected (0.56 sec)

mysql> INSERT INTO addressbook_type(type_id, type_name) VALUES
    -> ('Family', 'myfamily'),
    -> ('Friends','myfriends'),
    -> ('Profession','myprofession');
Query OK, 3 rows affected (0.13 sec)
Records: 3  Duplicates: 0  Warnings: 0

mysql>  select * from addressbook_type;
+------------+--------------+
| type_id    | type_name    |
+------------+--------------+
| Family     | myfamily     |
| Friends    | myfriends    |
| Profession | myprofession |
+------------+--------------+
3 rows in set (0.00 sec)
mysql> ALTER TABLE address_book
    -> ADD COLUMN type VARCHAR(255),
    -> ADD FOREIGN KEY (type) REFERENCES addressbook_type(type_id);
Query OK, 9 rows affected (2.83 sec)
Records: 9  Duplicates: 0  Warnings: 0

mysql> UPDATE address_book SET type = "Profession" WHERE first_name = "Saif";
ERROR 1054 (42S22): Unknown column 'first_name' in 'where clause'
mysql> UPDATE address_book SET type = "Profession" WHERE firstname = "Saif";
Query OK, 2 rows affected (0.08 sec)
Rows matched: 2  Changed: 2  Warnings: 0

mysql> UPDATE address_book SET type = "Family" WHERE firstname = "Anwar";
Query OK, 2 rows affected (0.09 sec)
Rows matched: 2  Changed: 2  Warnings: 0

mysql> UPDATE address_book SET type = "profession" WHERE firstname = "priya";
Query OK, 2 rows affected (0.07 sec)
Rows matched: 2  Changed: 2  Warnings: 0

mysql> UPDATE address_book SET type = "friends" WHERE firstname = "Rhea";
Query OK, 2 rows affected (0.45 sec)
Rows matched: 2  Changed: 2  Warnings: 0

mysql> UPDATE address_book SET type = "family" WHERE firstname = "Arya";
Query OK, 1 row affected (0.09 sec)
Rows matched: 1  Changed: 1  Warnings: 0

mysql> select*from address_book;
+----+-----------+----------+----------+------------+-------------+---------+-------------+-----------------+---------+------------+
| id | firstname | lastname | Address  | City       | state       | zip     | phonenumber | email           | type_id | type       |
+----+-----------+----------+----------+------------+-------------+---------+-------------+-----------------+---------+------------+
|  1 | Anwar     | Shaikh   | Airoli   | NaviMumbai | Maharashtra | 4000708 | 2081399882  | Anwar@gmail.com |    NULL | Family     |
|  2 | Saif      | Sharma   | Thane    | NaviMumbai | Maharashtra | 4000703 | 2765321371  | saif@gmail.com  |    NULL | Profession |
|  4 | Priya     | Singh    | Ghansoli | NaviMumbai | Maharashtra | 400706  | 2514389612  | priya@gmail.com |    NULL | profession |
|  5 | Rhea      | Kapoor   | Nerul    | NaviMumbai | Maharashtra | 400709  | 2514389231  | rhea@gmail.com  |    NULL | friends    |
|  6 | Arya      | Rai      | Mulund   |  Mumbai    | Maharashtra | 500577  | 9167754321  | Arya@gmail.com  |    NULL | family     |
|  7 | Anwar     | Shaikh   | Airoli   | NaviMumbai | Maharashtra | 4000708 | 2081399882  | Anwar@gmail.com |       1 | Family     |
|  8 | Priya     | Singh    | Ghansoli | NaviMumbai | Maharashtra | 400706  | 2514389612  | priya@gmail.com |       2 | profession |
|  9 | Rhea      | Kapoor   | Nerul    | NaviMumbai | Maharashtra | 400709  | 2514389231  | rhea@gmail.com  |       3 | friends    |
| 10 | Saif      | Sharma   | Thane    | NaviMumbai | Maharashtra | 4000703 | 2765321371  | saif@gmail.com  |       1 | Profession |
+----+-----------+----------+----------+------------+-------------+---------+-------------+-----------------+---------+------------+
9 rows in set (0.00 sec)

----------------------------------------------------------------------------------------------------------------------------------------------------------------------------------------------------------------
                                     UC10 - Ability to get number of contact persons i.e. count by type
----------------------------------------------------------------------------------------------------------------------------------------------------------------------------------------------------------------

mysql> SELECT type,COUNT(type) FROM address_book GROUP BY type;
+------------+-------------+
| type       | COUNT(type) |
+------------+-------------+
| Family     |           3 |
| friends    |           2 |
| Profession |           4 |
+------------+-------------+
3 rows in set (0.02 sec)

----------------------------------------------------------------------------------------------------------------------------------------------------------------------------------------------------------------
                                    UC11 - Ability to add person to both Friend and Family
-----------------------------------------------------------------------------------------------------------------------------------------------------------------------------------------------------------------


 INSERT INTO address_book (first_name,last_name,address,city,state,zip,phone_no,email_id,type) VALUES ("Raj","Patil","Vashi","Navi Mumbai","MH",400701,9167328904,"raj143@gmail.com","Family");
ERROR 1054 (42S22): Unknown column 'first_name' in 'field list'
mysql>  INSERT INTO address_book (firstname,lastname,address,city,state,zip,phonenumber,email,type) VALUES ("Kunal","Khair","Panvel","Navi Mumbai","Maharashtra",400704,9967324704,"kunal@gmail.com","Family");
Query OK, 1 row affected (0.90 sec)

mysql>  INSERT INTO address_book (firstname,lastname,address,city,state,zip,phonenumber,email,type) VALUES ("Kunal","Khair","Panvel","Navi Mumbai","Maharashtra",400704,9967324704,"kunal@gmail.com","friends");
Query OK, 1 row affected (0.07 sec)

mysql> Select*from address_book;
+----+-----------+----------+----------+-------------+-------------+---------+-------------+-----------------+---------+------------+
| id | firstname | lastname | Address  | City        | state       | zip     | phonenumber | email           | type_id | type       |
+----+-----------+----------+----------+-------------+-------------+---------+-------------+-----------------+---------+------------+
|  1 | Anwar     | Shaikh   | Airoli   | NaviMumbai  | Maharashtra | 4000708 | 2081399882  | Anwar@gmail.com |    NULL | Family     |
|  2 | Saif      | Sharma   | Thane    | NaviMumbai  | Maharashtra | 4000703 | 2765321371  | saif@gmail.com  |    NULL | Profession |
|  4 | Priya     | Singh    | Ghansoli | NaviMumbai  | Maharashtra | 400706  | 2514389612  | priya@gmail.com |    NULL | profession |
|  5 | Rhea      | Kapoor   | Nerul    | NaviMumbai  | Maharashtra | 400709  | 2514389231  | rhea@gmail.com  |    NULL | friends    |
|  6 | Arya      | Rai      | Mulund   |  Mumbai     | Maharashtra | 500577  | 9167754321  | Arya@gmail.com  |    NULL | family     |
|  7 | Anwar     | Shaikh   | Airoli   | NaviMumbai  | Maharashtra | 4000708 | 2081399882  | Anwar@gmail.com |       1 | Family     |
|  8 | Priya     | Singh    | Ghansoli | NaviMumbai  | Maharashtra | 400706  | 2514389612  | priya@gmail.com |       2 | profession |
|  9 | Rhea      | Kapoor   | Nerul    | NaviMumbai  | Maharashtra | 400709  | 2514389231  | rhea@gmail.com  |       3 | friends    |
| 10 | Saif      | Sharma   | Thane    | NaviMumbai  | Maharashtra | 4000703 | 2765321371  | saif@gmail.com  |       1 | Profession |
| 11 | Kunal     | Khair    | Panvel   | Navi Mumbai | Maharashtra | 400704  | 9967324704  | kunal@gmail.com |    NULL | Family     |
| 12 | Kunal     | Khair    | Panvel   | Navi Mumbai | Maharashtra | 400704  | 9967324704  | kunal@gmail.com |    NULL | friends    |
+----+-----------+----------+----------+-------------+-------------+---------+-------------+-----------------+---------+------------+
11 rows in set (0.00 sec)





